Archive member included to satisfy reference by file (symbol)

c:/program files/microchip/xc8/v3.10/avr/bin/../lib/gcc/avr/5.4.0/avr51\libgcc.a(_copy_data.o)
                              build/default/debug/main.o (__do_copy_data)
c:/program files/microchip/xc8/v3.10/avr/bin/../lib/gcc/avr/5.4.0/../../../../avr/lib/avr51\libc.a(exit.o)
                              C:/Users/benko/.mchp_packs/Microchip/ATmega_DFP/3.4.282/xc8/avr/lib/avr51/crtat90can128.o (exit)
c:/program files/microchip/xc8/v3.10/avr/bin/../lib/gcc/avr/5.4.0/../../../../avr/lib/avr51\libc.a(__sio_sprintf_doux.o)
                              build/default/debug/main.o (_sprintf_cdopuxX)
c:/program files/microchip/xc8/v3.10/avr/bin/../lib/gcc/avr/5.4.0/../../../../avr/lib/avr51\libc.a(__fmt_d.o)
                              c:/program files/microchip/xc8/v3.10/avr/bin/../lib/gcc/avr/5.4.0/../../../../avr/lib/avr51\libc.a(__sio_sprintf_doux.o) (__fmt_d_needed)
c:/program files/microchip/xc8/v3.10/avr/bin/../lib/gcc/avr/5.4.0/../../../../avr/lib/avr51\libc.a(__fmt_o.o)
                              c:/program files/microchip/xc8/v3.10/avr/bin/../lib/gcc/avr/5.4.0/../../../../avr/lib/avr51\libc.a(__sio_sprintf_doux.o) (__fmt_o_needed)
c:/program files/microchip/xc8/v3.10/avr/bin/../lib/gcc/avr/5.4.0/../../../../avr/lib/avr51\libc.a(__fmt_s.o)
                              c:/program files/microchip/xc8/v3.10/avr/bin/../lib/gcc/avr/5.4.0/../../../../avr/lib/avr51\libc.a(__sio_sprintf_doux.o) (__fmt_s_needed)
c:/program files/microchip/xc8/v3.10/avr/bin/../lib/gcc/avr/5.4.0/../../../../avr/lib/avr51\libc.a(__fmt_u.o)
                              c:/program files/microchip/xc8/v3.10/avr/bin/../lib/gcc/avr/5.4.0/../../../../avr/lib/avr51\libc.a(__fmt_d.o) (__cvt_u)
c:/program files/microchip/xc8/v3.10/avr/bin/../lib/gcc/avr/5.4.0/../../../../avr/lib/avr51\libc.a(__fmt_x.o)
                              c:/program files/microchip/xc8/v3.10/avr/bin/../lib/gcc/avr/5.4.0/../../../../avr/lib/avr51\libc.a(__sio_sprintf_doux.o) (__fmt_x_needed)
c:/program files/microchip/xc8/v3.10/avr/bin/../lib/gcc/avr/5.4.0/../../../../avr/lib/avr51\libc.a(__pop_int.o)
                              c:/program files/microchip/xc8/v3.10/avr/bin/../lib/gcc/avr/5.4.0/../../../../avr/lib/avr51\libc.a(__sio_sprintf_doux.o) (__pop_int_needed)
c:/program files/microchip/xc8/v3.10/avr/bin/../lib/gcc/avr/5.4.0/../../../../avr/lib/avr51\libc.a(__printf_core.o)
                              c:/program files/microchip/xc8/v3.10/avr/bin/../lib/gcc/avr/5.4.0/../../../../avr/lib/avr51\libc.a(__fmt_d.o) (__pad)
c:/program files/microchip/xc8/v3.10/avr/bin/../lib/gcc/avr/5.4.0/../../../../avr/lib/avr51\libc.a(fputc.o)
                              c:/program files/microchip/xc8/v3.10/avr/bin/../lib/gcc/avr/5.4.0/../../../../avr/lib/avr51\libc.a(__printf_core.o) (fputc)
c:/program files/microchip/xc8/v3.10/avr/bin/../lib/gcc/avr/5.4.0/../../../../avr/lib/avr51\libc.a(strlen.o)
                              c:/program files/microchip/xc8/v3.10/avr/bin/../lib/gcc/avr/5.4.0/../../../../avr/lib/avr51\libc.a(__fmt_s.o) (strlen)
c:/program files/microchip/xc8/v3.10/avr/bin/../lib/gcc/avr/5.4.0/../../../../avr/lib/avr51\libc.a(tolower.o)
                              c:/program files/microchip/xc8/v3.10/avr/bin/../lib/gcc/avr/5.4.0/../../../../avr/lib/avr51\libc.a(__printf_core.o) (tolower)
c:/program files/microchip/xc8/v3.10/avr/bin/../lib/gcc/avr/5.4.0/../../../../avr/lib/avr51\libc.a(toupper.o)
                              c:/program files/microchip/xc8/v3.10/avr/bin/../lib/gcc/avr/5.4.0/../../../../avr/lib/avr51\libc.a(__fmt_x.o) (toupper)
c:/program files/microchip/xc8/v3.10/avr/bin/../lib/gcc/avr/5.4.0/../../../../avr/lib/avr51\libc.a(errno.o)
                              c:/program files/microchip/xc8/v3.10/avr/bin/../lib/gcc/avr/5.4.0/../../../../avr/lib/avr51\libc.a(__printf_core.o) (__errno_val)
c:/program files/microchip/xc8/v3.10/avr/bin/../lib/gcc/avr/5.4.0/../../../../avr/lib/avr51\libc.a(_Exit.o)
                              c:/program files/microchip/xc8/v3.10/avr/bin/../lib/gcc/avr/5.4.0/../../../../avr/lib/avr51\libc.a(exit.o) (_Exit)
c:/program files/microchip/xc8/v3.10/avr/bin/../lib/gcc/avr/5.4.0/../../../../avr/lib/avr51\libc.a(__int_vsprintf.o)
                              c:/program files/microchip/xc8/v3.10/avr/bin/../lib/gcc/avr/5.4.0/../../../../avr/lib/avr51\libc.a(__sio_sprintf_doux.o) (__vsprintf)
c:/program files/microchip/xc8/v3.10/avr/bin/../lib/gcc/avr/5.4.0/../../../../avr/lib/avr51\libc.a(__int_vsnprintf.o)
                              c:/program files/microchip/xc8/v3.10/avr/bin/../lib/gcc/avr/5.4.0/../../../../avr/lib/avr51\libc.a(__int_vsprintf.o) (__vsnprintf)
c:/program files/microchip/xc8/v3.10/avr/bin/../lib/gcc/avr/5.4.0/../../../../avr/lib/avr51\libc.a(__int_vfprintf.o)
                              c:/program files/microchip/xc8/v3.10/avr/bin/../lib/gcc/avr/5.4.0/../../../../avr/lib/avr51\libc.a(__int_vsnprintf.o) (__vfprintf)
c:/program files/microchip/xc8/v3.10/avr/bin/../lib/gcc/avr/5.4.0/avr51\libgcc.a(_udivmodsi4.o)
                              c:/program files/microchip/xc8/v3.10/avr/bin/../lib/gcc/avr/5.4.0/../../../../avr/lib/avr51\libc.a(__fmt_u.o) (__udivmodsi4)
c:/program files/microchip/xc8/v3.10/avr/bin/../lib/gcc/avr/5.4.0/avr51\libgcc.a(_exit.o)
                              c:/program files/microchip/xc8/v3.10/avr/bin/../lib/gcc/avr/5.4.0/../../../../avr/lib/avr51\libc.a(_Exit.o) (_exit)
c:/program files/microchip/xc8/v3.10/avr/bin/../lib/gcc/avr/5.4.0/avr51\libgcc.a(_prologue.o)
                              c:/program files/microchip/xc8/v3.10/avr/bin/../lib/gcc/avr/5.4.0/../../../../avr/lib/avr51\libc.a(__sio_sprintf_doux.o) (__prologue_saves__)
c:/program files/microchip/xc8/v3.10/avr/bin/../lib/gcc/avr/5.4.0/avr51\libgcc.a(_epilogue.o)
                              c:/program files/microchip/xc8/v3.10/avr/bin/../lib/gcc/avr/5.4.0/../../../../avr/lib/avr51\libc.a(__sio_sprintf_doux.o) (__epilogue_restores__)

Allocating common symbols
Common symbol       size              file

__errno_val         0x2               c:/program files/microchip/xc8/v3.10/avr/bin/../lib/gcc/avr/5.4.0/../../../../avr/lib/avr51\libc.a(errno.o)

Discarded input sections

 .data          0x0000000000000000        0x0 C:/Users/benko/.mchp_packs/Microchip/ATmega_DFP/3.4.282/xc8/avr/lib/avr51/crtat90can128.o
 .bss           0x0000000000000000        0x0 C:/Users/benko/.mchp_packs/Microchip/ATmega_DFP/3.4.282/xc8/avr/lib/avr51/crtat90can128.o
 .text          0x0000000000000000        0x0 build/default/debug/main.o
 .data          0x0000000000000000        0x0 build/default/debug/main.o
 .bss           0x0000000000000000        0x0 build/default/debug/main.o
 .text          0x0000000000000000        0x0 build/default/debug/ADC.o
 .data          0x0000000000000000        0x0 build/default/debug/ADC.o
 .bss           0x0000000000000000        0x0 build/default/debug/ADC.o
 .debug_line    0x0000000000000000        0x0 build/default/debug/ADC.o
 .debug_str     0x0000000000000000        0x0 build/default/debug/ADC.o
 .comment       0x0000000000000000       0x30 build/default/debug/ADC.o
 .text          0x0000000000000000        0x0 build/default/debug/CAN.o
 .data          0x0000000000000000        0x0 build/default/debug/CAN.o
 .bss           0x0000000000000000        0x0 build/default/debug/CAN.o
 .text          0x0000000000000000        0x0 build/default/debug/USART.o
 .data          0x0000000000000000        0x0 build/default/debug/USART.o
 .bss           0x0000000000000000        0x0 build/default/debug/USART.o
 .text.USART_receive
                0x0000000000000000       0x10 build/default/debug/USART.o
 .text.USART_transmit_number
                0x0000000000000000        0x8 build/default/debug/USART.o
 .text          0x0000000000000000        0x0 build/default/debug/init.o
 .data          0x0000000000000000        0x0 build/default/debug/init.o
 .bss           0x0000000000000000        0x0 build/default/debug/init.o
 .text.timerOvfInit
                0x0000000000000000        0xe build/default/debug/init.o
 .debug_info    0x0000000000000000      0x248 build/default/debug/init.o
 .debug_abbrev  0x0000000000000000       0x46 build/default/debug/init.o
 .debug_aranges
                0x0000000000000000       0x20 build/default/debug/init.o
 .debug_ranges  0x0000000000000000       0x10 build/default/debug/init.o
 .debug_line    0x0000000000000000       0x8e build/default/debug/init.o
 .debug_str     0x0000000000000000        0x0 build/default/debug/init.o
 .comment       0x0000000000000000       0x30 build/default/debug/init.o
 .debug_frame   0x0000000000000000       0x24 build/default/debug/init.o
 .text          0x0000000000000000        0x0 c:/program files/microchip/xc8/v3.10/avr/bin/../lib/gcc/avr/5.4.0/avr51\libgcc.a(_copy_data.o)
 .data          0x0000000000000000        0x0 c:/program files/microchip/xc8/v3.10/avr/bin/../lib/gcc/avr/5.4.0/avr51\libgcc.a(_copy_data.o)
 .bss           0x0000000000000000        0x0 c:/program files/microchip/xc8/v3.10/avr/bin/../lib/gcc/avr/5.4.0/avr51\libgcc.a(_copy_data.o)
 .text.libgcc.mul
                0x0000000000000000        0x0 c:/program files/microchip/xc8/v3.10/avr/bin/../lib/gcc/avr/5.4.0/avr51\libgcc.a(_copy_data.o)
 .text.libgcc.div
                0x0000000000000000        0x0 c:/program files/microchip/xc8/v3.10/avr/bin/../lib/gcc/avr/5.4.0/avr51\libgcc.a(_copy_data.o)
 .text.libgcc   0x0000000000000000        0x0 c:/program files/microchip/xc8/v3.10/avr/bin/../lib/gcc/avr/5.4.0/avr51\libgcc.a(_copy_data.o)
 .text.libgcc.prologue
                0x0000000000000000        0x0 c:/program files/microchip/xc8/v3.10/avr/bin/../lib/gcc/avr/5.4.0/avr51\libgcc.a(_copy_data.o)
 .text.libgcc.builtins
                0x0000000000000000        0x0 c:/program files/microchip/xc8/v3.10/avr/bin/../lib/gcc/avr/5.4.0/avr51\libgcc.a(_copy_data.o)
 .text.libgcc.fmul
                0x0000000000000000        0x0 c:/program files/microchip/xc8/v3.10/avr/bin/../lib/gcc/avr/5.4.0/avr51\libgcc.a(_copy_data.o)
 .text.libgcc.fixed
                0x0000000000000000        0x0 c:/program files/microchip/xc8/v3.10/avr/bin/../lib/gcc/avr/5.4.0/avr51\libgcc.a(_copy_data.o)
 .text          0x0000000000000000        0x0 c:/program files/microchip/xc8/v3.10/avr/bin/../lib/gcc/avr/5.4.0/../../../../avr/lib/avr51\libc.a(exit.o)
 .data          0x0000000000000000        0x0 c:/program files/microchip/xc8/v3.10/avr/bin/../lib/gcc/avr/5.4.0/../../../../avr/lib/avr51\libc.a(exit.o)
 .bss           0x0000000000000000        0x0 c:/program files/microchip/xc8/v3.10/avr/bin/../lib/gcc/avr/5.4.0/../../../../avr/lib/avr51\libc.a(exit.o)
 .stack.descriptors
                0x0000000000000000       0x73 c:/program files/microchip/xc8/v3.10/avr/bin/../lib/gcc/avr/5.4.0/../../../../avr/lib/avr51\libc.a(exit.o)
 .text          0x0000000000000000        0x0 c:/program files/microchip/xc8/v3.10/avr/bin/../lib/gcc/avr/5.4.0/../../../../avr/lib/avr51\libc.a(__sio_sprintf_doux.o)
 .data          0x0000000000000000        0x0 c:/program files/microchip/xc8/v3.10/avr/bin/../lib/gcc/avr/5.4.0/../../../../avr/lib/avr51\libc.a(__sio_sprintf_doux.o)
 .bss           0x0000000000000000        0x0 c:/program files/microchip/xc8/v3.10/avr/bin/../lib/gcc/avr/5.4.0/../../../../avr/lib/avr51\libc.a(__sio_sprintf_doux.o)
 .stack.descriptors
                0x0000000000000000       0x3c c:/program files/microchip/xc8/v3.10/avr/bin/../lib/gcc/avr/5.4.0/../../../../avr/lib/avr51\libc.a(__sio_sprintf_doux.o)
 .text.__sio_sprintf_doux
                0x0000000000000000       0x1a c:/program files/microchip/xc8/v3.10/avr/bin/../lib/gcc/avr/5.4.0/../../../../avr/lib/avr51\libc.a(__sio_sprintf_doux.o)
 .text          0x0000000000000000        0x0 c:/program files/microchip/xc8/v3.10/avr/bin/../lib/gcc/avr/5.4.0/../../../../avr/lib/avr51\libc.a(__fmt_d.o)
 .data          0x0000000000000000        0x0 c:/program files/microchip/xc8/v3.10/avr/bin/../lib/gcc/avr/5.4.0/../../../../avr/lib/avr51\libc.a(__fmt_d.o)
 .bss           0x0000000000000000        0x0 c:/program files/microchip/xc8/v3.10/avr/bin/../lib/gcc/avr/5.4.0/../../../../avr/lib/avr51\libc.a(__fmt_d.o)
 .stack.descriptors
                0x0000000000000000       0x15 c:/program files/microchip/xc8/v3.10/avr/bin/../lib/gcc/avr/5.4.0/../../../../avr/lib/avr51\libc.a(__fmt_d.o)
 .text          0x0000000000000000        0x0 c:/program files/microchip/xc8/v3.10/avr/bin/../lib/gcc/avr/5.4.0/../../../../avr/lib/avr51\libc.a(__fmt_o.o)
 .data          0x0000000000000000        0x0 c:/program files/microchip/xc8/v3.10/avr/bin/../lib/gcc/avr/5.4.0/../../../../avr/lib/avr51\libc.a(__fmt_o.o)
 .bss           0x0000000000000000        0x0 c:/program files/microchip/xc8/v3.10/avr/bin/../lib/gcc/avr/5.4.0/../../../../avr/lib/avr51\libc.a(__fmt_o.o)
 .stack.descriptors
                0x0000000000000000       0x15 c:/program files/microchip/xc8/v3.10/avr/bin/../lib/gcc/avr/5.4.0/../../../../avr/lib/avr51\libc.a(__fmt_o.o)
 .text          0x0000000000000000        0x0 c:/program files/microchip/xc8/v3.10/avr/bin/../lib/gcc/avr/5.4.0/../../../../avr/lib/avr51\libc.a(__fmt_s.o)
 .data          0x0000000000000000        0x0 c:/program files/microchip/xc8/v3.10/avr/bin/../lib/gcc/avr/5.4.0/../../../../avr/lib/avr51\libc.a(__fmt_s.o)
 .bss           0x0000000000000000        0x0 c:/program files/microchip/xc8/v3.10/avr/bin/../lib/gcc/avr/5.4.0/../../../../avr/lib/avr51\libc.a(__fmt_s.o)
 .stack.descriptors
                0x0000000000000000       0x15 c:/program files/microchip/xc8/v3.10/avr/bin/../lib/gcc/avr/5.4.0/../../../../avr/lib/avr51\libc.a(__fmt_s.o)
 .text          0x0000000000000000        0x0 c:/program files/microchip/xc8/v3.10/avr/bin/../lib/gcc/avr/5.4.0/../../../../avr/lib/avr51\libc.a(__fmt_u.o)
 .data          0x0000000000000000        0x0 c:/program files/microchip/xc8/v3.10/avr/bin/../lib/gcc/avr/5.4.0/../../../../avr/lib/avr51\libc.a(__fmt_u.o)
 .bss           0x0000000000000000        0x0 c:/program files/microchip/xc8/v3.10/avr/bin/../lib/gcc/avr/5.4.0/../../../../avr/lib/avr51\libc.a(__fmt_u.o)
 .stack.descriptors
                0x0000000000000000       0x2a c:/program files/microchip/xc8/v3.10/avr/bin/../lib/gcc/avr/5.4.0/../../../../avr/lib/avr51\libc.a(__fmt_u.o)
 .text          0x0000000000000000        0x0 c:/program files/microchip/xc8/v3.10/avr/bin/../lib/gcc/avr/5.4.0/../../../../avr/lib/avr51\libc.a(__fmt_x.o)
 .data          0x0000000000000000        0x0 c:/program files/microchip/xc8/v3.10/avr/bin/../lib/gcc/avr/5.4.0/../../../../avr/lib/avr51\libc.a(__fmt_x.o)
 .bss           0x0000000000000000        0x0 c:/program files/microchip/xc8/v3.10/avr/bin/../lib/gcc/avr/5.4.0/../../../../avr/lib/avr51\libc.a(__fmt_x.o)
 .stack.descriptors
                0x0000000000000000       0x15 c:/program files/microchip/xc8/v3.10/avr/bin/../lib/gcc/avr/5.4.0/../../../../avr/lib/avr51\libc.a(__fmt_x.o)
 .text          0x0000000000000000        0x0 c:/program files/microchip/xc8/v3.10/avr/bin/../lib/gcc/avr/5.4.0/../../../../avr/lib/avr51\libc.a(__pop_int.o)
 .data          0x0000000000000000        0x0 c:/program files/microchip/xc8/v3.10/avr/bin/../lib/gcc/avr/5.4.0/../../../../avr/lib/avr51\libc.a(__pop_int.o)
 .bss           0x0000000000000000        0x0 c:/program files/microchip/xc8/v3.10/avr/bin/../lib/gcc/avr/5.4.0/../../../../avr/lib/avr51\libc.a(__pop_int.o)
 .stack.descriptors
                0x0000000000000000       0x17 c:/program files/microchip/xc8/v3.10/avr/bin/../lib/gcc/avr/5.4.0/../../../../avr/lib/avr51\libc.a(__pop_int.o)
 .text          0x0000000000000000        0x0 c:/program files/microchip/xc8/v3.10/avr/bin/../lib/gcc/avr/5.4.0/../../../../avr/lib/avr51\libc.a(__printf_core.o)
 .data          0x0000000000000000        0x0 c:/program files/microchip/xc8/v3.10/avr/bin/../lib/gcc/avr/5.4.0/../../../../avr/lib/avr51\libc.a(__printf_core.o)
 .bss           0x0000000000000000        0x0 c:/program files/microchip/xc8/v3.10/avr/bin/../lib/gcc/avr/5.4.0/../../../../avr/lib/avr51\libc.a(__printf_core.o)
 .stack.descriptors
                0x0000000000000000       0x91 c:/program files/microchip/xc8/v3.10/avr/bin/../lib/gcc/avr/5.4.0/../../../../avr/lib/avr51\libc.a(__printf_core.o)
 .text          0x0000000000000000        0x0 c:/program files/microchip/xc8/v3.10/avr/bin/../lib/gcc/avr/5.4.0/../../../../avr/lib/avr51\libc.a(fputc.o)
 .data          0x0000000000000000        0x0 c:/program files/microchip/xc8/v3.10/avr/bin/../lib/gcc/avr/5.4.0/../../../../avr/lib/avr51\libc.a(fputc.o)
 .bss           0x0000000000000000        0x0 c:/program files/microchip/xc8/v3.10/avr/bin/../lib/gcc/avr/5.4.0/../../../../avr/lib/avr51\libc.a(fputc.o)
 .stack.descriptors
                0x0000000000000000       0x13 c:/program files/microchip/xc8/v3.10/avr/bin/../lib/gcc/avr/5.4.0/../../../../avr/lib/avr51\libc.a(fputc.o)
 .text          0x0000000000000000        0x0 c:/program files/microchip/xc8/v3.10/avr/bin/../lib/gcc/avr/5.4.0/../../../../avr/lib/avr51\libc.a(strlen.o)
 .data          0x0000000000000000        0x0 c:/program files/microchip/xc8/v3.10/avr/bin/../lib/gcc/avr/5.4.0/../../../../avr/lib/avr51\libc.a(strlen.o)
 .bss           0x0000000000000000        0x0 c:/program files/microchip/xc8/v3.10/avr/bin/../lib/gcc/avr/5.4.0/../../../../avr/lib/avr51\libc.a(strlen.o)
 .stack.descriptors
                0x0000000000000000       0x14 c:/program files/microchip/xc8/v3.10/avr/bin/../lib/gcc/avr/5.4.0/../../../../avr/lib/avr51\libc.a(strlen.o)
 .text          0x0000000000000000        0x0 c:/program files/microchip/xc8/v3.10/avr/bin/../lib/gcc/avr/5.4.0/../../../../avr/lib/avr51\libc.a(tolower.o)
 .data          0x0000000000000000        0x0 c:/program files/microchip/xc8/v3.10/avr/bin/../lib/gcc/avr/5.4.0/../../../../avr/lib/avr51\libc.a(tolower.o)
 .bss           0x0000000000000000        0x0 c:/program files/microchip/xc8/v3.10/avr/bin/../lib/gcc/avr/5.4.0/../../../../avr/lib/avr51\libc.a(tolower.o)
 .stack.descriptors
                0x0000000000000000       0x2e c:/program files/microchip/xc8/v3.10/avr/bin/../lib/gcc/avr/5.4.0/../../../../avr/lib/avr51\libc.a(tolower.o)
 .text.__tolower_l
                0x0000000000000000        0x6 c:/program files/microchip/xc8/v3.10/avr/bin/../lib/gcc/avr/5.4.0/../../../../avr/lib/avr51\libc.a(tolower.o)
 .text          0x0000000000000000        0x0 c:/program files/microchip/xc8/v3.10/avr/bin/../lib/gcc/avr/5.4.0/../../../../avr/lib/avr51\libc.a(toupper.o)
 .data          0x0000000000000000        0x0 c:/program files/microchip/xc8/v3.10/avr/bin/../lib/gcc/avr/5.4.0/../../../../avr/lib/avr51\libc.a(toupper.o)
 .bss           0x0000000000000000        0x0 c:/program files/microchip/xc8/v3.10/avr/bin/../lib/gcc/avr/5.4.0/../../../../avr/lib/avr51\libc.a(toupper.o)
 .stack.descriptors
                0x0000000000000000       0x2e c:/program files/microchip/xc8/v3.10/avr/bin/../lib/gcc/avr/5.4.0/../../../../avr/lib/avr51\libc.a(toupper.o)
 .text.__toupper_l
                0x0000000000000000        0x6 c:/program files/microchip/xc8/v3.10/avr/bin/../lib/gcc/avr/5.4.0/../../../../avr/lib/avr51\libc.a(toupper.o)
 .text          0x0000000000000000        0x0 c:/program files/microchip/xc8/v3.10/avr/bin/../lib/gcc/avr/5.4.0/../../../../avr/lib/avr51\libc.a(errno.o)
 .data          0x0000000000000000        0x0 c:/program files/microchip/xc8/v3.10/avr/bin/../lib/gcc/avr/5.4.0/../../../../avr/lib/avr51\libc.a(errno.o)
 .bss           0x0000000000000000        0x0 c:/program files/microchip/xc8/v3.10/avr/bin/../lib/gcc/avr/5.4.0/../../../../avr/lib/avr51\libc.a(errno.o)
 .text          0x0000000000000000        0x0 c:/program files/microchip/xc8/v3.10/avr/bin/../lib/gcc/avr/5.4.0/../../../../avr/lib/avr51\libc.a(_Exit.o)
 .data          0x0000000000000000        0x0 c:/program files/microchip/xc8/v3.10/avr/bin/../lib/gcc/avr/5.4.0/../../../../avr/lib/avr51\libc.a(_Exit.o)
 .bss           0x0000000000000000        0x0 c:/program files/microchip/xc8/v3.10/avr/bin/../lib/gcc/avr/5.4.0/../../../../avr/lib/avr51\libc.a(_Exit.o)
 .stack.descriptors
                0x0000000000000000       0x13 c:/program files/microchip/xc8/v3.10/avr/bin/../lib/gcc/avr/5.4.0/../../../../avr/lib/avr51\libc.a(_Exit.o)
 .text          0x0000000000000000        0x0 c:/program files/microchip/xc8/v3.10/avr/bin/../lib/gcc/avr/5.4.0/../../../../avr/lib/avr51\libc.a(__int_vsprintf.o)
 .data          0x0000000000000000        0x0 c:/program files/microchip/xc8/v3.10/avr/bin/../lib/gcc/avr/5.4.0/../../../../avr/lib/avr51\libc.a(__int_vsprintf.o)
 .bss           0x0000000000000000        0x0 c:/program files/microchip/xc8/v3.10/avr/bin/../lib/gcc/avr/5.4.0/../../../../avr/lib/avr51\libc.a(__int_vsprintf.o)
 .stack.descriptors
                0x0000000000000000       0x18 c:/program files/microchip/xc8/v3.10/avr/bin/../lib/gcc/avr/5.4.0/../../../../avr/lib/avr51\libc.a(__int_vsprintf.o)
 .text          0x0000000000000000        0x0 c:/program files/microchip/xc8/v3.10/avr/bin/../lib/gcc/avr/5.4.0/../../../../avr/lib/avr51\libc.a(__int_vsnprintf.o)
 .data          0x0000000000000000        0x0 c:/program files/microchip/xc8/v3.10/avr/bin/../lib/gcc/avr/5.4.0/../../../../avr/lib/avr51\libc.a(__int_vsnprintf.o)
 .bss           0x0000000000000000        0x0 c:/program files/microchip/xc8/v3.10/avr/bin/../lib/gcc/avr/5.4.0/../../../../avr/lib/avr51\libc.a(__int_vsnprintf.o)
 .stack.descriptors
                0x0000000000000000       0x19 c:/program files/microchip/xc8/v3.10/avr/bin/../lib/gcc/avr/5.4.0/../../../../avr/lib/avr51\libc.a(__int_vsnprintf.o)
 .text          0x0000000000000000        0x0 c:/program files/microchip/xc8/v3.10/avr/bin/../lib/gcc/avr/5.4.0/../../../../avr/lib/avr51\libc.a(__int_vfprintf.o)
 .data          0x0000000000000000        0x0 c:/program files/microchip/xc8/v3.10/avr/bin/../lib/gcc/avr/5.4.0/../../../../avr/lib/avr51\libc.a(__int_vfprintf.o)
 .bss           0x0000000000000000        0x0 c:/program files/microchip/xc8/v3.10/avr/bin/../lib/gcc/avr/5.4.0/../../../../avr/lib/avr51\libc.a(__int_vfprintf.o)
 .stack.descriptors
                0x0000000000000000       0x18 c:/program files/microchip/xc8/v3.10/avr/bin/../lib/gcc/avr/5.4.0/../../../../avr/lib/avr51\libc.a(__int_vfprintf.o)
 .text          0x0000000000000000        0x0 c:/program files/microchip/xc8/v3.10/avr/bin/../lib/gcc/avr/5.4.0/avr51\libgcc.a(_udivmodsi4.o)
 .data          0x0000000000000000        0x0 c:/program files/microchip/xc8/v3.10/avr/bin/../lib/gcc/avr/5.4.0/avr51\libgcc.a(_udivmodsi4.o)
 .bss           0x0000000000000000        0x0 c:/program files/microchip/xc8/v3.10/avr/bin/../lib/gcc/avr/5.4.0/avr51\libgcc.a(_udivmodsi4.o)
 .text.libgcc.mul
                0x0000000000000000        0x0 c:/program files/microchip/xc8/v3.10/avr/bin/../lib/gcc/avr/5.4.0/avr51\libgcc.a(_udivmodsi4.o)
 .stack.descriptors
                0x0000000000000000       0x1a c:/program files/microchip/xc8/v3.10/avr/bin/../lib/gcc/avr/5.4.0/avr51\libgcc.a(_udivmodsi4.o)
 .text.libgcc   0x0000000000000000        0x0 c:/program files/microchip/xc8/v3.10/avr/bin/../lib/gcc/avr/5.4.0/avr51\libgcc.a(_udivmodsi4.o)
 .text.libgcc.prologue
                0x0000000000000000        0x0 c:/program files/microchip/xc8/v3.10/avr/bin/../lib/gcc/avr/5.4.0/avr51\libgcc.a(_udivmodsi4.o)
 .text.libgcc.builtins
                0x0000000000000000        0x0 c:/program files/microchip/xc8/v3.10/avr/bin/../lib/gcc/avr/5.4.0/avr51\libgcc.a(_udivmodsi4.o)
 .text.libgcc.fmul
                0x0000000000000000        0x0 c:/program files/microchip/xc8/v3.10/avr/bin/../lib/gcc/avr/5.4.0/avr51\libgcc.a(_udivmodsi4.o)
 .text.libgcc.fixed
                0x0000000000000000        0x0 c:/program files/microchip/xc8/v3.10/avr/bin/../lib/gcc/avr/5.4.0/avr51\libgcc.a(_udivmodsi4.o)
 .text          0x0000000000000000        0x0 c:/program files/microchip/xc8/v3.10/avr/bin/../lib/gcc/avr/5.4.0/avr51\libgcc.a(_exit.o)
 .data          0x0000000000000000        0x0 c:/program files/microchip/xc8/v3.10/avr/bin/../lib/gcc/avr/5.4.0/avr51\libgcc.a(_exit.o)
 .bss           0x0000000000000000        0x0 c:/program files/microchip/xc8/v3.10/avr/bin/../lib/gcc/avr/5.4.0/avr51\libgcc.a(_exit.o)
 .text.libgcc.mul
                0x0000000000000000        0x0 c:/program files/microchip/xc8/v3.10/avr/bin/../lib/gcc/avr/5.4.0/avr51\libgcc.a(_exit.o)
 .text.libgcc.div
                0x0000000000000000        0x0 c:/program files/microchip/xc8/v3.10/avr/bin/../lib/gcc/avr/5.4.0/avr51\libgcc.a(_exit.o)
 .text.libgcc   0x0000000000000000        0x0 c:/program files/microchip/xc8/v3.10/avr/bin/../lib/gcc/avr/5.4.0/avr51\libgcc.a(_exit.o)
 .text.libgcc.prologue
                0x0000000000000000        0x0 c:/program files/microchip/xc8/v3.10/avr/bin/../lib/gcc/avr/5.4.0/avr51\libgcc.a(_exit.o)
 .stack.descriptors
                0x0000000000000000       0x13 c:/program files/microchip/xc8/v3.10/avr/bin/../lib/gcc/avr/5.4.0/avr51\libgcc.a(_exit.o)
 .text.libgcc.builtins
                0x0000000000000000        0x0 c:/program files/microchip/xc8/v3.10/avr/bin/../lib/gcc/avr/5.4.0/avr51\libgcc.a(_exit.o)
 .text.libgcc.fmul
                0x0000000000000000        0x0 c:/program files/microchip/xc8/v3.10/avr/bin/../lib/gcc/avr/5.4.0/avr51\libgcc.a(_exit.o)
 .text.libgcc.fixed
                0x0000000000000000        0x0 c:/program files/microchip/xc8/v3.10/avr/bin/../lib/gcc/avr/5.4.0/avr51\libgcc.a(_exit.o)
 .text          0x0000000000000000        0x0 c:/program files/microchip/xc8/v3.10/avr/bin/../lib/gcc/avr/5.4.0/avr51\libgcc.a(_prologue.o)
 .data          0x0000000000000000        0x0 c:/program files/microchip/xc8/v3.10/avr/bin/../lib/gcc/avr/5.4.0/avr51\libgcc.a(_prologue.o)
 .bss           0x0000000000000000        0x0 c:/program files/microchip/xc8/v3.10/avr/bin/../lib/gcc/avr/5.4.0/avr51\libgcc.a(_prologue.o)
 .text.libgcc.mul
                0x0000000000000000        0x0 c:/program files/microchip/xc8/v3.10/avr/bin/../lib/gcc/avr/5.4.0/avr51\libgcc.a(_prologue.o)
 .text.libgcc.div
                0x0000000000000000        0x0 c:/program files/microchip/xc8/v3.10/avr/bin/../lib/gcc/avr/5.4.0/avr51\libgcc.a(_prologue.o)
 .text.libgcc   0x0000000000000000        0x0 c:/program files/microchip/xc8/v3.10/avr/bin/../lib/gcc/avr/5.4.0/avr51\libgcc.a(_prologue.o)
 .text.libgcc.builtins
                0x0000000000000000        0x0 c:/program files/microchip/xc8/v3.10/avr/bin/../lib/gcc/avr/5.4.0/avr51\libgcc.a(_prologue.o)
 .text.libgcc.fmul
                0x0000000000000000        0x0 c:/program files/microchip/xc8/v3.10/avr/bin/../lib/gcc/avr/5.4.0/avr51\libgcc.a(_prologue.o)
 .text.libgcc.fixed
                0x0000000000000000        0x0 c:/program files/microchip/xc8/v3.10/avr/bin/../lib/gcc/avr/5.4.0/avr51\libgcc.a(_prologue.o)
 .text          0x0000000000000000        0x0 c:/program files/microchip/xc8/v3.10/avr/bin/../lib/gcc/avr/5.4.0/avr51\libgcc.a(_epilogue.o)
 .data          0x0000000000000000        0x0 c:/program files/microchip/xc8/v3.10/avr/bin/../lib/gcc/avr/5.4.0/avr51\libgcc.a(_epilogue.o)
 .bss           0x0000000000000000        0x0 c:/program files/microchip/xc8/v3.10/avr/bin/../lib/gcc/avr/5.4.0/avr51\libgcc.a(_epilogue.o)
 .text.libgcc.mul
                0x0000000000000000        0x0 c:/program files/microchip/xc8/v3.10/avr/bin/../lib/gcc/avr/5.4.0/avr51\libgcc.a(_epilogue.o)
 .text.libgcc.div
                0x0000000000000000        0x0 c:/program files/microchip/xc8/v3.10/avr/bin/../lib/gcc/avr/5.4.0/avr51\libgcc.a(_epilogue.o)
 .text.libgcc   0x0000000000000000        0x0 c:/program files/microchip/xc8/v3.10/avr/bin/../lib/gcc/avr/5.4.0/avr51\libgcc.a(_epilogue.o)
 .text.libgcc.builtins
                0x0000000000000000        0x0 c:/program files/microchip/xc8/v3.10/avr/bin/../lib/gcc/avr/5.4.0/avr51\libgcc.a(_epilogue.o)
 .text.libgcc.fmul
                0x0000000000000000        0x0 c:/program files/microchip/xc8/v3.10/avr/bin/../lib/gcc/avr/5.4.0/avr51\libgcc.a(_epilogue.o)
 .text.libgcc.fixed
                0x0000000000000000        0x0 c:/program files/microchip/xc8/v3.10/avr/bin/../lib/gcc/avr/5.4.0/avr51\libgcc.a(_epilogue.o)

Memory Configuration

Name             Origin             Length             Attributes
text             0x0000000000000000 0x0000000000020000 xr
data             0x0000000000800100 0x0000000000001000 rw !x
eeprom           0x0000000000810000 0x0000000000001000 rw !x
fuse             0x0000000000820000 0x0000000000000003 rw !x
lock             0x0000000000830000 0x0000000000000400 rw !x
signature        0x0000000000840000 0x0000000000000400 rw !x
user_signatures  0x0000000000850000 0x0000000000000400 rw !x
bootrow          0x0000000000860000 0x0000000000000400 rw !x
*default*        0x0000000000000000 0xffffffffffffffff

Linker script and memory map

Address of section .data set to 0x800100
LOAD C:/Users/benko/.mchp_packs/Microchip/ATmega_DFP/3.4.282/xc8/avr/lib/avr51/crtat90can128.o
                0x0000000000000001                __MPLAB_BUILD = 0x1
LOAD build/default/debug/main.o
LOAD build/default/debug/ADC.o
LOAD build/default/debug/CAN.o
LOAD build/default/debug/USART.o
LOAD build/default/debug/init.o
START GROUP
LOAD c:/program files/microchip/xc8/v3.10/avr/bin/../lib/gcc/avr/5.4.0/../../../../avr/lib/avr51\libm.a
END GROUP
                0x0000000000000001                __MPLAB_DEBUG = 0x1
                0x0000000000000001                __DEBUG = 0x1
START GROUP
LOAD c:/program files/microchip/xc8/v3.10/avr/bin/../lib/gcc/avr/5.4.0/avr51\libgcc.a
LOAD c:/program files/microchip/xc8/v3.10/avr/bin/../lib/gcc/avr/5.4.0/../../../../avr/lib/avr51\libm.a
LOAD c:/program files/microchip/xc8/v3.10/avr/bin/../lib/gcc/avr/5.4.0/../../../../avr/lib/avr51\libc.a
LOAD C:/Users/benko/.mchp_packs/Microchip/ATmega_DFP/3.4.282/xc8/avr/lib/avr51\libat90can128.a
END GROUP
                0x0000000000000000                __TEXT_REGION_ORIGIN__ = DEFINED (__TEXT_REGION_ORIGIN__)?__TEXT_REGION_ORIGIN__:0x0
                [0x0000000000800100]                __DATA_REGION_ORIGIN__ = DEFINED (__DATA_REGION_ORIGIN__)?__DATA_REGION_ORIGIN__:0x800100
                [0x0000000000020000]                __TEXT_REGION_LENGTH__ = DEFINED (__TEXT_REGION_LENGTH__)?__TEXT_REGION_LENGTH__:0x20000
                [0x0000000000001000]                __DATA_REGION_LENGTH__ = DEFINED (__DATA_REGION_LENGTH__)?__DATA_REGION_LENGTH__:0xff00
                [0x0000000000001000]                __EEPROM_REGION_LENGTH__ = DEFINED (__EEPROM_REGION_LENGTH__)?__EEPROM_REGION_LENGTH__:0x10000
                [0x0000000000000003]                __FUSE_REGION_LENGTH__ = DEFINED (__FUSE_REGION_LENGTH__)?__FUSE_REGION_LENGTH__:0x400
                0x0000000000000400                __LOCK_REGION_LENGTH__ = DEFINED (__LOCK_REGION_LENGTH__)?__LOCK_REGION_LENGTH__:0x400
                0x0000000000000400                __SIGNATURE_REGION_LENGTH__ = DEFINED (__SIGNATURE_REGION_LENGTH__)?__SIGNATURE_REGION_LENGTH__:0x400
                0x0000000000000400                __USER_SIGNATURE_REGION_LENGTH__ = DEFINED (__USER_SIGNATURE_REGION_LENGTH__)?__USER_SIGNATURE_REGION_LENGTH__:0x400
                0x0000000000000400                __BOOTROW_REGION_LENGTH__ = DEFINED (__BOOTROW_REGION_LENGTH__)?__BOOTROW_REGION_LENGTH__:0x400

.hash
 *(.hash)

.dynsym
 *(.dynsym)

.dynstr
 *(.dynstr)

.gnu.version
 *(.gnu.version)

.gnu.version_d
 *(.gnu.version_d)

.gnu.version_r
 *(.gnu.version_r)

.rel.init
 *(.rel.init)

.rela.init
 *(.rela.init)

.rel.text
 *(.rel.text)
 *(.rel.text.*)
 *(.rel.gnu.linkonce.t*)

.rela.text
 *(.rela.text)
 *(.rela.text.*)
 *(.rela.gnu.linkonce.t*)

.rel.fini
 *(.rel.fini)

.rela.fini
 *(.rela.fini)

.rel.rodata
 *(.rel.rodata)
 *(.rel.rodata.*)
 *(.rel.gnu.linkonce.r*)

.rela.rodata
 *(.rela.rodata)
 *(.rela.rodata.*)
 *(.rela.gnu.linkonce.r*)

.rel.data
 *(.rel.data)
 *(.rel.data.*)
 *(.rel.gnu.linkonce.d*)

.rela.data
 *(.rela.data)
 *(.rela.data.*)
 *(.rela.gnu.linkonce.d*)

.rel.ctors
 *(.rel.ctors)

.rela.ctors
 *(.rela.ctors)

.rel.dtors
 *(.rel.dtors)

.rela.dtors
 *(.rela.dtors)

.rel.got
 *(.rel.got)

.rela.got
 *(.rela.got)

.rel.bss
 *(.rel.bss)

.rela.bss
 *(.rela.bss)

.rel.plt
 *(.rel.plt)

.rela.plt
 *(.rela.plt)

.text           0x0000000000000000       0xf8
 *(.vectors)
 .vectors       0x0000000000000000       0x94 C:/Users/benko/.mchp_packs/Microchip/ATmega_DFP/3.4.282/xc8/avr/lib/avr51/crtat90can128.o
                0x0000000000000000                __vector_default
                0x0000000000000000                __vectors
 *(.vectors)
 *(.progmem.gcc*)
 *(.dinit)
 .dinit         0x0000000000000094        0xc data_init
                0x00000000000000a0                . = ALIGN (0x2)
 *fill*         0x00000000000000a0        0x0 
                0x00000000000000a0                __trampolines_start = .
 *(.trampolines)
 .trampolines   0x00000000000000a0        0x0 linker stubs
 *(.trampolines*)
                0x00000000000000a0                __trampolines_end = .
 *libprintf_flt.a:*(.progmem.data)
 *libc.a:*(.progmem.data)
                0x00000000000000a0                . = ALIGN (0x2)
 *(.jumptables)
 *(.jumptables*)
 *(.lowtext)
 *(.lowtext*)
                0x00000000000000a0                __ctors_start = .
 *(.ctors)
                0x00000000000000a0                __ctors_end = .
                0x00000000000000a0                __dtors_start = .
 *(.dtors)
                0x00000000000000a0                __dtors_end = .
 SORT(*)(.ctors)
 SORT(*)(.dtors)
 *(.init0)
 .init0         0x00000000000000a0        0x0 C:/Users/benko/.mchp_packs/Microchip/ATmega_DFP/3.4.282/xc8/avr/lib/avr51/crtat90can128.o
                0x00000000000000a0                __init
 *(.init0)
 *(.init1)
 *(.init1)
 *(.init2)
 .init2         0x00000000000000a0        0xc C:/Users/benko/.mchp_packs/Microchip/ATmega_DFP/3.4.282/xc8/avr/lib/avr51/crtat90can128.o
 *(.init2)
 *(.init3)
 *(.init3)
 *(.init4)
 .init4         0x00000000000000ac       0x40 c:/program files/microchip/xc8/v3.10/avr/bin/../lib/gcc/avr/5.4.0/avr51\libgcc.a(_copy_data.o)
                0x00000000000000ac                __do_copy_data
                0x00000000000000de                __do_clear_bss
 *(.init4)
 *(.init5)
 *(.init5)
 *(.init6)
 *(.init6)
 *(.init7)
 *(.init7)
 *(.init8)
 *(.init8)
 *(.init9)
 .init9         0x00000000000000ec        0x8 C:/Users/benko/.mchp_packs/Microchip/ATmega_DFP/3.4.282/xc8/avr/lib/avr51/crtat90can128.o
 *(.init9)
                0x00000000000000f4                . = ALIGN (0x2)
 *(.fini9)
 .fini9         0x00000000000000f4        0x0 c:/program files/microchip/xc8/v3.10/avr/bin/../lib/gcc/avr/5.4.0/avr51\libgcc.a(_exit.o)
                0x00000000000000f4                _exit
 *(.fini9)
 *(.fini8)
 *(.fini8)
 *(.fini7)
 *(.fini7)
 *(.fini6)
 *(.fini6)
 *(.fini5)
 *(.fini5)
 *(.fini4)
 *(.fini4)
 *(.fini3)
 *(.fini3)
 *(.fini2)
 *(.fini2)
 *(.fini1)
 *(.fini1)
 *(.fini0)
 .fini0         0x00000000000000f4        0x4 c:/program files/microchip/xc8/v3.10/avr/bin/../lib/gcc/avr/5.4.0/avr51\libgcc.a(_exit.o)
 *(.fini0)
                0x00000000000000f8                _etext = .

.data           0x0000000000800100        0x0 load address 0x00000000000000f8
                [!provide]                        PROVIDE (__data_start, .)
 *(.gnu.linkonce.d*)
 *(.gnu.linkonce.r*)
                0x0000000000800100                . = ALIGN (0x2)
                0x0000000000800100                _edata = .
                [!provide]                        PROVIDE (__data_end, .)

.bss            0x0000000000800100        0x2
                [!provide]                        PROVIDE (__bss_start, .)
 *(COMMON)
 COMMON         0x0000000000800100        0x2 c:/program files/microchip/xc8/v3.10/avr/bin/../lib/gcc/avr/5.4.0/../../../../avr/lib/avr51\libc.a(errno.o)
                0x0000000000800100                __errno_val
                [!provide]                        PROVIDE (__bss_end, .)
                0x00000000000000f8                __data_load_start = LOADADDR (.data)
                0x00000000000000f8                __data_load_end = (__data_load_start + SIZEOF (.data))

.noinit         0x0000000000800102        0x0
                [!provide]                        PROVIDE (__noinit_start, .)
 *(.noinit*)
                [!provide]                        PROVIDE (__noinit_end, .)
                0x0000000000800102                _end = .

.eeprom         0x0000000000810000        0x0
 *(.eeprom*)
                0x0000000000810000                __eeprom_end = .

.fuse
 *(.fuse)
 *(.lfuse)
 *(.hfuse)
 *(.efuse)

.lock
 *(.lock*)

.signature
 *(.signature*)

.user_signatures
 *(.user_signatures*)

.bootrow
 *(.bootrow*)

.stab
 *(.stab)

.stabstr
 *(.stabstr)

.stab.excl
 *(.stab.excl)

.stab.exclstr
 *(.stab.exclstr)

.stab.index
 *(.stab.index)

.stab.indexstr
 *(.stab.indexstr)

.comment        0x0000000000000000       0x5b
 *(.comment)
 .comment       0x0000000000000000       0x2f build/default/debug/main.o
                                         0x30 (size before relaxing)
 .comment       0x000000000000002f       0x30 build/default/debug/CAN.o
 .comment       0x000000000000002f       0x30 build/default/debug/USART.o
 .comment       0x000000000000002f       0x2c c:/program files/microchip/xc8/v3.10/avr/bin/../lib/gcc/avr/5.4.0/../../../../avr/lib/avr51\libc.a(exit.o)
                                         0x2d (size before relaxing)
 .comment       0x000000000000005b       0x2d c:/program files/microchip/xc8/v3.10/avr/bin/../lib/gcc/avr/5.4.0/../../../../avr/lib/avr51\libc.a(__sio_sprintf_doux.o)
 .comment       0x000000000000005b       0x2d c:/program files/microchip/xc8/v3.10/avr/bin/../lib/gcc/avr/5.4.0/../../../../avr/lib/avr51\libc.a(__fmt_d.o)
 .comment       0x000000000000005b       0x2d c:/program files/microchip/xc8/v3.10/avr/bin/../lib/gcc/avr/5.4.0/../../../../avr/lib/avr51\libc.a(__fmt_o.o)
 .comment       0x000000000000005b       0x2d c:/program files/microchip/xc8/v3.10/avr/bin/../lib/gcc/avr/5.4.0/../../../../avr/lib/avr51\libc.a(__fmt_s.o)
 .comment       0x000000000000005b       0x2d c:/program files/microchip/xc8/v3.10/avr/bin/../lib/gcc/avr/5.4.0/../../../../avr/lib/avr51\libc.a(__fmt_u.o)
 .comment       0x000000000000005b       0x2d c:/program files/microchip/xc8/v3.10/avr/bin/../lib/gcc/avr/5.4.0/../../../../avr/lib/avr51\libc.a(__fmt_x.o)
 .comment       0x000000000000005b       0x2d c:/program files/microchip/xc8/v3.10/avr/bin/../lib/gcc/avr/5.4.0/../../../../avr/lib/avr51\libc.a(__pop_int.o)
 .comment       0x000000000000005b       0x2d c:/program files/microchip/xc8/v3.10/avr/bin/../lib/gcc/avr/5.4.0/../../../../avr/lib/avr51\libc.a(__printf_core.o)
 .comment       0x000000000000005b       0x2d c:/program files/microchip/xc8/v3.10/avr/bin/../lib/gcc/avr/5.4.0/../../../../avr/lib/avr51\libc.a(fputc.o)
 .comment       0x000000000000005b       0x2d c:/program files/microchip/xc8/v3.10/avr/bin/../lib/gcc/avr/5.4.0/../../../../avr/lib/avr51\libc.a(strlen.o)
 .comment       0x000000000000005b       0x2d c:/program files/microchip/xc8/v3.10/avr/bin/../lib/gcc/avr/5.4.0/../../../../avr/lib/avr51\libc.a(tolower.o)
 .comment       0x000000000000005b       0x2d c:/program files/microchip/xc8/v3.10/avr/bin/../lib/gcc/avr/5.4.0/../../../../avr/lib/avr51\libc.a(toupper.o)
 .comment       0x000000000000005b       0x2d c:/program files/microchip/xc8/v3.10/avr/bin/../lib/gcc/avr/5.4.0/../../../../avr/lib/avr51\libc.a(errno.o)
 .comment       0x000000000000005b       0x2d c:/program files/microchip/xc8/v3.10/avr/bin/../lib/gcc/avr/5.4.0/../../../../avr/lib/avr51\libc.a(_Exit.o)
 .comment       0x000000000000005b       0x2d c:/program files/microchip/xc8/v3.10/avr/bin/../lib/gcc/avr/5.4.0/../../../../avr/lib/avr51\libc.a(__int_vsprintf.o)
 .comment       0x000000000000005b       0x2d c:/program files/microchip/xc8/v3.10/avr/bin/../lib/gcc/avr/5.4.0/../../../../avr/lib/avr51\libc.a(__int_vsnprintf.o)
 .comment       0x000000000000005b       0x2d c:/program files/microchip/xc8/v3.10/avr/bin/../lib/gcc/avr/5.4.0/../../../../avr/lib/avr51\libc.a(__int_vfprintf.o)

.stack.descriptors.hdr
                0x0000000000000000      0x118
 .stack.descriptors.hdr
                0x0000000000000000        0xe c:/program files/microchip/xc8/v3.10/avr/bin/../lib/gcc/avr/5.4.0/../../../../avr/lib/avr51\libc.a(exit.o)
 .stack.descriptors.hdr
                0x000000000000000e        0xe c:/program files/microchip/xc8/v3.10/avr/bin/../lib/gcc/avr/5.4.0/../../../../avr/lib/avr51\libc.a(__sio_sprintf_doux.o)
 .stack.descriptors.hdr
                0x000000000000001c        0xe c:/program files/microchip/xc8/v3.10/avr/bin/../lib/gcc/avr/5.4.0/../../../../avr/lib/avr51\libc.a(__fmt_d.o)
 .stack.descriptors.hdr
                0x000000000000002a        0xe c:/program files/microchip/xc8/v3.10/avr/bin/../lib/gcc/avr/5.4.0/../../../../avr/lib/avr51\libc.a(__fmt_o.o)
 .stack.descriptors.hdr
                0x0000000000000038        0xe c:/program files/microchip/xc8/v3.10/avr/bin/../lib/gcc/avr/5.4.0/../../../../avr/lib/avr51\libc.a(__fmt_s.o)
 .stack.descriptors.hdr
                0x0000000000000046        0xe c:/program files/microchip/xc8/v3.10/avr/bin/../lib/gcc/avr/5.4.0/../../../../avr/lib/avr51\libc.a(__fmt_u.o)
 .stack.descriptors.hdr
                0x0000000000000054        0xe c:/program files/microchip/xc8/v3.10/avr/bin/../lib/gcc/avr/5.4.0/../../../../avr/lib/avr51\libc.a(__fmt_x.o)
 .stack.descriptors.hdr
                0x0000000000000062        0xe c:/program files/microchip/xc8/v3.10/avr/bin/../lib/gcc/avr/5.4.0/../../../../avr/lib/avr51\libc.a(__pop_int.o)
 .stack.descriptors.hdr
                0x0000000000000070        0xe c:/program files/microchip/xc8/v3.10/avr/bin/../lib/gcc/avr/5.4.0/../../../../avr/lib/avr51\libc.a(__printf_core.o)
 .stack.descriptors.hdr
                0x000000000000007e        0xe c:/program files/microchip/xc8/v3.10/avr/bin/../lib/gcc/avr/5.4.0/../../../../avr/lib/avr51\libc.a(fputc.o)
 .stack.descriptors.hdr
                0x000000000000008c        0xe c:/program files/microchip/xc8/v3.10/avr/bin/../lib/gcc/avr/5.4.0/../../../../avr/lib/avr51\libc.a(strlen.o)
 .stack.descriptors.hdr
                0x000000000000009a        0xe c:/program files/microchip/xc8/v3.10/avr/bin/../lib/gcc/avr/5.4.0/../../../../avr/lib/avr51\libc.a(tolower.o)
 .stack.descriptors.hdr
                0x00000000000000a8        0xe c:/program files/microchip/xc8/v3.10/avr/bin/../lib/gcc/avr/5.4.0/../../../../avr/lib/avr51\libc.a(toupper.o)
 .stack.descriptors.hdr
                0x00000000000000b6        0xe c:/program files/microchip/xc8/v3.10/avr/bin/../lib/gcc/avr/5.4.0/../../../../avr/lib/avr51\libc.a(errno.o)
 .stack.descriptors.hdr
                0x00000000000000c4        0xe c:/program files/microchip/xc8/v3.10/avr/bin/../lib/gcc/avr/5.4.0/../../../../avr/lib/avr51\libc.a(_Exit.o)
 .stack.descriptors.hdr
                0x00000000000000d2        0xe c:/program files/microchip/xc8/v3.10/avr/bin/../lib/gcc/avr/5.4.0/../../../../avr/lib/avr51\libc.a(__int_vsprintf.o)
 .stack.descriptors.hdr
                0x00000000000000e0        0xe c:/program files/microchip/xc8/v3.10/avr/bin/../lib/gcc/avr/5.4.0/../../../../avr/lib/avr51\libc.a(__int_vsnprintf.o)
 .stack.descriptors.hdr
                0x00000000000000ee        0xe c:/program files/microchip/xc8/v3.10/avr/bin/../lib/gcc/avr/5.4.0/../../../../avr/lib/avr51\libc.a(__int_vfprintf.o)
 .stack.descriptors.hdr
                0x00000000000000fc        0xe c:/program files/microchip/xc8/v3.10/avr/bin/../lib/gcc/avr/5.4.0/avr51\libgcc.a(_udivmodsi4.o)
 .stack.descriptors.hdr
                0x000000000000010a        0xe c:/program files/microchip/xc8/v3.10/avr/bin/../lib/gcc/avr/5.4.0/avr51\libgcc.a(_exit.o)

.note.GNU-stack
                0x0000000000000000        0x0
 .note.GNU-stack
                0x0000000000000000        0x0 c:/program files/microchip/xc8/v3.10/avr/bin/../lib/gcc/avr/5.4.0/../../../../avr/lib/avr51\libc.a(exit.o)
 .note.GNU-stack
                0x0000000000000000        0x0 c:/program files/microchip/xc8/v3.10/avr/bin/../lib/gcc/avr/5.4.0/../../../../avr/lib/avr51\libc.a(__sio_sprintf_doux.o)
 .note.GNU-stack
                0x0000000000000000        0x0 c:/program files/microchip/xc8/v3.10/avr/bin/../lib/gcc/avr/5.4.0/../../../../avr/lib/avr51\libc.a(__fmt_d.o)
 .note.GNU-stack
                0x0000000000000000        0x0 c:/program files/microchip/xc8/v3.10/avr/bin/../lib/gcc/avr/5.4.0/../../../../avr/lib/avr51\libc.a(__fmt_o.o)
 .note.GNU-stack
                0x0000000000000000        0x0 c:/program files/microchip/xc8/v3.10/avr/bin/../lib/gcc/avr/5.4.0/../../../../avr/lib/avr51\libc.a(__fmt_s.o)
 .note.GNU-stack
                0x0000000000000000        0x0 c:/program files/microchip/xc8/v3.10/avr/bin/../lib/gcc/avr/5.4.0/../../../../avr/lib/avr51\libc.a(__fmt_u.o)
 .note.GNU-stack
                0x0000000000000000        0x0 c:/program files/microchip/xc8/v3.10/avr/bin/../lib/gcc/avr/5.4.0/../../../../avr/lib/avr51\libc.a(__fmt_x.o)
 .note.GNU-stack
                0x0000000000000000        0x0 c:/program files/microchip/xc8/v3.10/avr/bin/../lib/gcc/avr/5.4.0/../../../../avr/lib/avr51\libc.a(__pop_int.o)
 .note.GNU-stack
                0x0000000000000000        0x0 c:/program files/microchip/xc8/v3.10/avr/bin/../lib/gcc/avr/5.4.0/../../../../avr/lib/avr51\libc.a(__printf_core.o)
 .note.GNU-stack
                0x0000000000000000        0x0 c:/program files/microchip/xc8/v3.10/avr/bin/../lib/gcc/avr/5.4.0/../../../../avr/lib/avr51\libc.a(fputc.o)
 .note.GNU-stack
                0x0000000000000000        0x0 c:/program files/microchip/xc8/v3.10/avr/bin/../lib/gcc/avr/5.4.0/../../../../avr/lib/avr51\libc.a(strlen.o)
 .note.GNU-stack
                0x0000000000000000        0x0 c:/program files/microchip/xc8/v3.10/avr/bin/../lib/gcc/avr/5.4.0/../../../../avr/lib/avr51\libc.a(tolower.o)
 .note.GNU-stack
                0x0000000000000000        0x0 c:/program files/microchip/xc8/v3.10/avr/bin/../lib/gcc/avr/5.4.0/../../../../avr/lib/avr51\libc.a(toupper.o)
 .note.GNU-stack
                0x0000000000000000        0x0 c:/program files/microchip/xc8/v3.10/avr/bin/../lib/gcc/avr/5.4.0/../../../../avr/lib/avr51\libc.a(errno.o)
 .note.GNU-stack
                0x0000000000000000        0x0 c:/program files/microchip/xc8/v3.10/avr/bin/../lib/gcc/avr/5.4.0/../../../../avr/lib/avr51\libc.a(_Exit.o)
 .note.GNU-stack
                0x0000000000000000        0x0 c:/program files/microchip/xc8/v3.10/avr/bin/../lib/gcc/avr/5.4.0/../../../../avr/lib/avr51\libc.a(__int_vsprintf.o)
 .note.GNU-stack
                0x0000000000000000        0x0 c:/program files/microchip/xc8/v3.10/avr/bin/../lib/gcc/avr/5.4.0/../../../../avr/lib/avr51\libc.a(__int_vsnprintf.o)
 .note.GNU-stack
                0x0000000000000000        0x0 c:/program files/microchip/xc8/v3.10/avr/bin/../lib/gcc/avr/5.4.0/../../../../avr/lib/avr51\libc.a(__int_vfprintf.o)

.note.gnu.build-id
 *(.note.gnu.build-id)

.debug
 *(.debug)

.line
 *(.line)

.debug_srcinfo
 *(.debug_srcinfo)

.debug_sfnames
 *(.debug_sfnames)

.debug_aranges  0x0000000000000000       0x88
 *(.debug_aranges)
 .debug_aranges
                0x0000000000000000       0x20 build/default/debug/main.o
 .debug_aranges
                0x0000000000000020       0x28 build/default/debug/CAN.o
 .debug_aranges
                0x0000000000000048       0x40 build/default/debug/USART.o

.debug_pubnames
 *(.debug_pubnames)

.debug_info     0x0000000000000000     0x1449
 *(.debug_info .gnu.linkonce.wi.*)
 .debug_info    0x0000000000000000      0xa2d C:/Users/benko/.mchp_packs/Microchip/ATmega_DFP/3.4.282/xc8/avr/lib/avr51/crtat90can128.o
 .debug_info    0x0000000000000a2d      0x3ff build/default/debug/main.o
 .debug_info    0x0000000000000e2c      0x2c9 build/default/debug/CAN.o
 .debug_info    0x00000000000010f5      0x354 build/default/debug/USART.o

.debug_abbrev   0x0000000000000000      0xbfe
 *(.debug_abbrev)
 .debug_abbrev  0x0000000000000000      0x9a0 C:/Users/benko/.mchp_packs/Microchip/ATmega_DFP/3.4.282/xc8/avr/lib/avr51/crtat90can128.o
 .debug_abbrev  0x00000000000009a0       0xfe build/default/debug/main.o
 .debug_abbrev  0x0000000000000a9e       0x9f build/default/debug/CAN.o
 .debug_abbrev  0x0000000000000b3d       0xc1 build/default/debug/USART.o

.debug_line     0x0000000000000000      0x52a
 *(.debug_line .debug_line.* .debug_line_end)
 .debug_line    0x0000000000000000      0x176 C:/Users/benko/.mchp_packs/Microchip/ATmega_DFP/3.4.282/xc8/avr/lib/avr51/crtat90can128.o
 .debug_line    0x0000000000000176      0x12a build/default/debug/main.o
 .debug_line    0x00000000000002a0      0x157 build/default/debug/CAN.o
 .debug_line    0x00000000000003f7      0x133 build/default/debug/USART.o

.debug_frame    0x0000000000000000       0xd8
 *(.debug_frame)
 .debug_frame   0x0000000000000000       0x34 build/default/debug/main.o
 .debug_frame   0x0000000000000034       0x34 build/default/debug/CAN.o
 .debug_frame   0x0000000000000068       0x70 build/default/debug/USART.o

.debug_str      0x0000000000000000      0x3d5
 *(.debug_str)
 .debug_str     0x0000000000000000      0x39f C:/Users/benko/.mchp_packs/Microchip/ATmega_DFP/3.4.282/xc8/avr/lib/avr51/crtat90can128.o
 .debug_str     0x000000000000039f       0x36 build/default/debug/main.o
 .debug_str     0x00000000000003d5        0x0 build/default/debug/CAN.o
 .debug_str     0x00000000000003d5        0x0 build/default/debug/USART.o

.debug_loc      0x0000000000000000      0x15c
 *(.debug_loc)
 .debug_loc     0x0000000000000000       0x1f build/default/debug/main.o
 .debug_loc     0x000000000000001f       0xa4 build/default/debug/CAN.o
 .debug_loc     0x00000000000000c3       0x99 build/default/debug/USART.o

.debug_macinfo
 *(.debug_macinfo)

.debug_weaknames
 *(.debug_weaknames)

.debug_funcnames
 *(.debug_funcnames)

.debug_typenames
 *(.debug_typenames)

.debug_varnames
 *(.debug_varnames)

.debug_pubtypes
 *(.debug_pubtypes)

.debug_ranges   0x0000000000000000       0x70
 *(.debug_ranges)
 .debug_ranges  0x0000000000000000       0x28 build/default/debug/main.o
 .debug_ranges  0x0000000000000028       0x18 build/default/debug/CAN.o
 .debug_ranges  0x0000000000000040       0x30 build/default/debug/USART.o

.debug_macro
 *(.debug_macro)
OUTPUT(dist/default/debug/canAnalyzer.debug.elf elf32-avr)
LOAD linker stubs
LOAD data_init

.note.gnu.avr.deviceinfo
                0x0000000000000000       0x40
 .note.gnu.avr.deviceinfo
                0x0000000000000000       0x40 C:/Users/benko/.mchp_packs/Microchip/ATmega_DFP/3.4.282/xc8/avr/lib/avr51/crtat90can128.o

.text.vfpfcnvrt
                0x00000000000000f8      0x3fc
 .text.vfpfcnvrt
                0x00000000000000f8      0x3fc c:/program files/microchip/xc8/v3.10/avr/bin/../lib/gcc/avr/5.4.0/../../../../avr/lib/avr51\libc.a(__printf_core.o)
                0x00000000000000f8                vfpfcnvrt

.text.__fmt_x   0x00000000000004f4      0x1dc
 .text.__fmt_x  0x00000000000004f4      0x1dc c:/program files/microchip/xc8/v3.10/avr/bin/../lib/gcc/avr/5.4.0/../../../../avr/lib/avr51\libc.a(__fmt_x.o)
                0x00000000000004f4                __fmt_x_needed
                0x00000000000004f4                __fmt_x

.text.__fmt_d   0x00000000000006d0       0xe4
 .text.__fmt_d  0x00000000000006d0       0xe4 c:/program files/microchip/xc8/v3.10/avr/bin/../lib/gcc/avr/5.4.0/../../../../avr/lib/avr51\libc.a(__fmt_d.o)
                0x00000000000006d0                __fmt_d
                0x00000000000006d0                __fmt_d_needed

.text.__pop_int
                0x00000000000007b4       0xd0
 .text.__pop_int
                0x00000000000007b4       0xd0 c:/program files/microchip/xc8/v3.10/avr/bin/../lib/gcc/avr/5.4.0/../../../../avr/lib/avr51\libc.a(__pop_int.o)
                0x00000000000007b4                __pop_int_needed
                0x00000000000007b4                __pop_int

.text.__cvt_u   0x0000000000000884       0xca
 .text.__cvt_u  0x0000000000000884       0xca c:/program files/microchip/xc8/v3.10/avr/bin/../lib/gcc/avr/5.4.0/../../../../avr/lib/avr51\libc.a(__fmt_u.o)
                0x0000000000000884                __cvt_u

.text.main      0x000000000000094e       0xc8
 .text.main     0x000000000000094e       0xc8 build/default/debug/main.o
                0x000000000000094e                main

.text.__fmt_o   0x0000000000000a16       0xb2
 .text.__fmt_o  0x0000000000000a16       0xb2 c:/program files/microchip/xc8/v3.10/avr/bin/../lib/gcc/avr/5.4.0/../../../../avr/lib/avr51\libc.a(__fmt_o.o)
                0x0000000000000a16                __fmt_o
                0x0000000000000a16                __fmt_o_needed

.text.fputc     0x0000000000000ac8       0x98
 .text.fputc    0x0000000000000ac8       0x98 c:/program files/microchip/xc8/v3.10/avr/bin/../lib/gcc/avr/5.4.0/../../../../avr/lib/avr51\libc.a(fputc.o)
                0x0000000000000ac8                fputc
                0x0000000000000ac8                putc

.text.__fmt_u   0x0000000000000b60       0x8e
 .text.__fmt_u  0x0000000000000b60       0x8e c:/program files/microchip/xc8/v3.10/avr/bin/../lib/gcc/avr/5.4.0/../../../../avr/lib/avr51\libc.a(__fmt_u.o)
                0x0000000000000b60                __fmt_u_needed
                0x0000000000000b60                __fmt_u

.text.CAN_receive
                0x0000000000000bee       0x7e
 .text.CAN_receive
                0x0000000000000bee       0x7e build/default/debug/CAN.o
                0x0000000000000bee                CAN_receive

.text.__vsnprintf
                0x0000000000000c6c       0x74
 .text.__vsnprintf
                0x0000000000000c6c       0x74 c:/program files/microchip/xc8/v3.10/avr/bin/../lib/gcc/avr/5.4.0/../../../../avr/lib/avr51\libc.a(__int_vsnprintf.o)
                0x0000000000000c6c                __vsnprintf

.text.__pad     0x0000000000000ce0       0x72
 .text.__pad    0x0000000000000ce0       0x72 c:/program files/microchip/xc8/v3.10/avr/bin/../lib/gcc/avr/5.4.0/../../../../avr/lib/avr51\libc.a(__printf_core.o)
                0x0000000000000ce0                __pad

.text.__printf_core
                0x0000000000000d52       0x68
 .text.__printf_core
                0x0000000000000d52       0x68 c:/program files/microchip/xc8/v3.10/avr/bin/../lib/gcc/avr/5.4.0/../../../../avr/lib/avr51\libc.a(__printf_core.o)
                0x0000000000000d52                __printf_core

.text.CAN_init  0x0000000000000dba       0x64
 .text.CAN_init
                0x0000000000000dba       0x64 build/default/debug/CAN.o
                0x0000000000000dba                CAN_init

.text.read_prec_or_width
                0x0000000000000e1e       0x5c
 .text.read_prec_or_width
                0x0000000000000e1e       0x5c c:/program files/microchip/xc8/v3.10/avr/bin/../lib/gcc/avr/5.4.0/../../../../avr/lib/avr51\libc.a(__printf_core.o)

.text.__fmt_s   0x0000000000000e7a       0x54
 .text.__fmt_s  0x0000000000000e7a       0x54 c:/program files/microchip/xc8/v3.10/avr/bin/../lib/gcc/avr/5.4.0/../../../../avr/lib/avr51\libc.a(__fmt_s.o)
                0x0000000000000e7a                __fmt_s
                0x0000000000000e7a                __fmt_0_needed
                0x0000000000000e7a                __fmt_s_needed

.text.libgcc.div
                0x0000000000000ece       0x44
 .text.libgcc.div
                0x0000000000000ece       0x44 c:/program files/microchip/xc8/v3.10/avr/bin/../lib/gcc/avr/5.4.0/avr51\libgcc.a(_udivmodsi4.o)
                0x0000000000000ece                __udivmodsi4

.text.__fmt_state
                0x0000000000000f12       0x40
 .text.__fmt_state
                0x0000000000000f12       0x40 c:/program files/microchip/xc8/v3.10/avr/bin/../lib/gcc/avr/5.4.0/../../../../avr/lib/avr51\libc.a(__printf_core.o)
                0x0000000000000f12                __fmt_state

.text.__out     0x0000000000000f52       0x3a
 .text.__out    0x0000000000000f52       0x3a c:/program files/microchip/xc8/v3.10/avr/bin/../lib/gcc/avr/5.4.0/../../../../avr/lib/avr51\libc.a(__printf_core.o)
                0x0000000000000f52                __out

.text.libgcc.prologue
                0x0000000000000f8c       0x38
 .text.libgcc.prologue
                0x0000000000000f8c       0x38 c:/program files/microchip/xc8/v3.10/avr/bin/../lib/gcc/avr/5.4.0/avr51\libgcc.a(_prologue.o)
                0x0000000000000f8c                __prologue_saves__

.text.libgcc.prologue
                0x0000000000000fc4       0x36
 .text.libgcc.prologue
                0x0000000000000fc4       0x36 c:/program files/microchip/xc8/v3.10/avr/bin/../lib/gcc/avr/5.4.0/avr51\libgcc.a(_epilogue.o)
                0x0000000000000fc4                __epilogue_restores__

.text.__vfprintf
                0x0000000000000ffa       0x30
 .text.__vfprintf
                0x0000000000000ffa       0x30 c:/program files/microchip/xc8/v3.10/avr/bin/../lib/gcc/avr/5.4.0/../../../../avr/lib/avr51\libc.a(__int_vfprintf.o)
                0x0000000000000ffa                __vfprintf

.text.USART_transmit_string
                0x000000000000102a       0x26
 .text.USART_transmit_string
                0x000000000000102a       0x26 build/default/debug/USART.o
                0x000000000000102a                USART_transmit_string

.text.__wrap_sprintf
                0x0000000000001050       0x24
 .text.__wrap_sprintf
                0x0000000000001050       0x24 c:/program files/microchip/xc8/v3.10/avr/bin/../lib/gcc/avr/5.4.0/../../../../avr/lib/avr51\libc.a(__sio_sprintf_doux.o)
                0x0000000000001050                _sprintf_cdopuxX

.text.strlen    0x0000000000001074       0x1c
 .text.strlen   0x0000000000001074       0x1c c:/program files/microchip/xc8/v3.10/avr/bin/../lib/gcc/avr/5.4.0/../../../../avr/lib/avr51\libc.a(strlen.o)
                0x0000000000001074                strlen

.text.USART_init
                0x0000000000001090       0x16
 .text.USART_init
                0x0000000000001090       0x16 build/default/debug/USART.o
                0x0000000000001090                USART_init

.text.exit      0x00000000000010a6       0x16
 .text.exit     0x00000000000010a6       0x16 c:/program files/microchip/xc8/v3.10/avr/bin/../lib/gcc/avr/5.4.0/../../../../avr/lib/avr51\libc.a(exit.o)
                0x00000000000010a6                exit

.text.toupper   0x00000000000010bc       0x12
 .text.toupper  0x00000000000010bc       0x12 c:/program files/microchip/xc8/v3.10/avr/bin/../lib/gcc/avr/5.4.0/../../../../avr/lib/avr51\libc.a(toupper.o)
                0x00000000000010bc                toupper

.text.USART_transmit
                0x00000000000010ce       0x10
 .text.USART_transmit
                0x00000000000010ce       0x10 build/default/debug/USART.o
                0x00000000000010ce                USART_transmit

.text.tolower   0x00000000000010de       0x10
 .text.tolower  0x00000000000010de       0x10 c:/program files/microchip/xc8/v3.10/avr/bin/../lib/gcc/avr/5.4.0/../../../../avr/lib/avr51\libc.a(tolower.o)
                0x00000000000010de                tolower

.text.__vsprintf
                0x00000000000010ee        0xe
 .text.__vsprintf
                0x00000000000010ee        0xe c:/program files/microchip/xc8/v3.10/avr/bin/../lib/gcc/avr/5.4.0/../../../../avr/lib/avr51\libc.a(__int_vsprintf.o)
                0x00000000000010ee                __vsprintf

.text           0x00000000000010fc        0x4
 .text          0x00000000000010fc        0x4 C:/Users/benko/.mchp_packs/Microchip/ATmega_DFP/3.4.282/xc8/avr/lib/avr51/crtat90can128.o
                0x00000000000010fc                __vector_22
                0x00000000000010fc                __vector_28
                0x00000000000010fc                __vector_1
                0x00000000000010fc                __vector_32
                0x00000000000010fc                __vector_34
                0x00000000000010fc                __vector_24
                0x00000000000010fc                __vector_12
                0x00000000000010fc                __bad_interrupt
                0x00000000000010fc                __vector_6
                0x00000000000010fc                __vector_31
                0x00000000000010fc                __vector_35
                0x00000000000010fc                __vector_3
                0x00000000000010fc                __vector_23
                0x00000000000010fc                __vector_30
                0x00000000000010fc                __vector_25
                0x00000000000010fc                __vector_11
                0x00000000000010fc                __vector_13
                0x00000000000010fc                __vector_17
                0x00000000000010fc                __vector_19
                0x00000000000010fc                __vector_7
                0x00000000000010fc                __vector_27
                0x00000000000010fc                __vector_5
                0x00000000000010fc                __vector_33
                0x00000000000010fc                __vector_4
                0x00000000000010fc                __vector_9
                0x00000000000010fc                __vector_2
                0x00000000000010fc                __vector_21
                0x00000000000010fc                __vector_15
                0x00000000000010fc                __vector_36
                0x00000000000010fc                __vector_29
                0x00000000000010fc                __vector_8
                0x00000000000010fc                __vector_26
                0x00000000000010fc                __vector_14
                0x00000000000010fc                __vector_10
                0x00000000000010fc                __vector_16
                0x00000000000010fc                __vector_18
                0x00000000000010fc                __vector_20

.text._Exit     0x0000000000001100        0x4
 .text._Exit    0x0000000000001100        0x4 c:/program files/microchip/xc8/v3.10/avr/bin/../lib/gcc/avr/5.4.0/../../../../avr/lib/avr51\libc.a(_Exit.o)
                0x0000000000001100                _Exit

.text.__dummy_fini
                0x0000000000001104        0x2
 .text.__dummy_fini
                0x0000000000001104        0x2 c:/program files/microchip/xc8/v3.10/avr/bin/../lib/gcc/avr/5.4.0/../../../../avr/lib/avr51\libc.a(exit.o)
                0x0000000000001104                _fini

.text.__dummy_funcs_on_exit
                0x0000000000001106        0x2
 .text.__dummy_funcs_on_exit
                0x0000000000001106        0x2 c:/program files/microchip/xc8/v3.10/avr/bin/../lib/gcc/avr/5.4.0/../../../../avr/lib/avr51\libc.a(exit.o)
                0x0000000000001106                __funcs_on_exit

.text.__dummy_simulator_exit
                0x0000000000001108        0x2
 .text.__dummy_simulator_exit
                0x0000000000001108        0x2 c:/program files/microchip/xc8/v3.10/avr/bin/../lib/gcc/avr/5.4.0/../../../../avr/lib/avr51\libc.a(exit.o)
                0x0000000000001108                __simulator_exit

.rodata         0x0000000000800102       0x20 load address 0x000000000000110a
 .rodata        0x0000000000800102       0x20 build/default/debug/main.o

.rodata.state_table
                0x0000000000800122       0x16 load address 0x000000000000112a
 .rodata.state_table
                0x0000000000800122       0x16 c:/program files/microchip/xc8/v3.10/avr/bin/../lib/gcc/avr/5.4.0/../../../../avr/lib/avr51\libc.a(__printf_core.o)

.rodata.nuls.2781
                0x0000000000800138        0x7 load address 0x0000000000001140
 .rodata.nuls.2781
                0x0000000000800138        0x7 c:/program files/microchip/xc8/v3.10/avr/bin/../lib/gcc/avr/5.4.0/../../../../avr/lib/avr51\libc.a(__fmt_s.o)

.rodata.nilstr.2962
                0x000000000080013f        0x6 load address 0x0000000000001147
 .rodata.nilstr.2962
                0x000000000080013f        0x6 c:/program files/microchip/xc8/v3.10/avr/bin/../lib/gcc/avr/5.4.0/../../../../avr/lib/avr51\libc.a(__printf_core.o)
